<?xml version="1.0" encoding="utf-8"?><testsuites name="pytest tests"><testsuite name="pytest" errors="0" failures="0" skipped="0" tests="3" time="0.034" timestamp="2026-02-01T19:11:33.034813+01:00" hostname="DESKTOP-KNFCDHJ"><testcase classname="tests.test_calculator" name="test_add_ok" time="0.002" /><testcase classname="tests.test_calculator" name="test_divide_ok" time="0.001" /><testcase classname="tests.test_calculator" name="test_divide_by_zero_raises" time="0.001" /></testsuite></testsuites>